
Loading weights:   0%|          | 0/448 [00:00<?, ?it/s]
Loading weights:  91%|█████████▏| 409/448 [00:00<00:00, 4064.94it/s]
Loading weights: 100%|██████████| 448/448 [00:00<00:00, 4103.30it/s]
[transformers] [1mSiglipVisionModel LOAD REPORT[0m from: <WORK_ROOT>/RLinf_nero/hf_models/siglip2-so400m-patch14-224
Key                                                          | Status     |  | 
-------------------------------------------------------------+------------+--+-
text_model.encoder.layers.{0...26}.self_attn.k_proj.weight   | UNEXPECTED |  | 
text_model.encoder.layers.{0...26}.self_attn.out_proj.weight | UNEXPECTED |  | 
text_model.encoder.layers.{0...26}.mlp.fc2.bias              | UNEXPECTED |  | 
text_model.encoder.layers.{0...26}.self_attn.k_proj.bias     | UNEXPECTED |  | 
text_model.encoder.layers.{0...26}.mlp.fc1.weight            | UNEXPECTED |  | 
text_model.encoder.layers.{0...26}.mlp.fc2.weight            | UNEXPECTED |  | 
text_model.encoder.layers.{0...26}.layer_norm2.bias          | UNEXPECTED |  | 
text_model.encoder.layers.{0...26}.self_attn.out_proj.bias   | UNEXPECTED |  | 
text_model.encoder.layers.{0...26}.mlp.fc1.bias              | UNEXPECTED |  | 
text_model.encoder.layers.{0...26}.self_attn.q_proj.bias     | UNEXPECTED |  | 
text_model.encoder.layers.{0...26}.layer_norm1.weight        | UNEXPECTED |  | 
text_model.encoder.layers.{0...26}.self_attn.v_proj.weight   | UNEXPECTED |  | 
text_model.encoder.layers.{0...26}.self_attn.q_proj.weight   | UNEXPECTED |  | 
text_model.encoder.layers.{0...26}.self_attn.v_proj.bias     | UNEXPECTED |  | 
text_model.encoder.layers.{0...26}.layer_norm1.bias          | UNEXPECTED |  | 
text_model.encoder.layers.{0...26}.layer_norm2.weight        | UNEXPECTED |  | 
logit_bias                                                   | UNEXPECTED |  | 
text_model.final_layer_norm.weight                           | UNEXPECTED |  | 
text_model.final_layer_norm.bias                             | UNEXPECTED |  | 
text_model.head.bias                                         | UNEXPECTED |  | 
text_model.embeddings.token_embedding.weight                 | UNEXPECTED |  | 
logit_scale                                                  | UNEXPECTED |  | 
text_model.embeddings.position_embedding.weight              | UNEXPECTED |  | 
text_model.head.weight                                       | UNEXPECTED |  | 

Notes:
- UNEXPECTED:	can be ignored when loading from different task/architecture; not ok if you expect identical arch.
── E4 nero_stage56_flap_closing_ee_v2  69 集
   E4 1/69  997帧
   E4 11/69  1202帧
   E4 21/69  1318帧
   E4 31/69  1247帧
   E4 41/69  1017帧
   E4 51/69  858帧
   E4 61/69  731帧
  ✔ E4 完成 → <SWITCH_ROOT>/feats_aug1/e3

· 特征缓存 → <SWITCH_ROOT>/feats_aug1
