· 权重 <SWITCH_ROOT>/deploy4
· 留出集抽 16 集 × 8 种情形（每集只解码一次）


Loading weights:   0%|          | 0/448 [00:00<?, ?it/s]
Loading weights: 100%|██████████| 448/448 [00:00<00:00, 11480.29it/s]

Loading weights:   0%|          | 0/448 [00:00<?, ?it/s]
Loading weights: 100%|██████████| 448/448 [00:00<00:00, 11263.12it/s]

Loading weights:   0%|          | 0/448 [00:00<?, ?it/s]
Loading weights: 100%|██████████| 448/448 [00:00<00:00, 10690.93it/s]

Loading weights:   0%|          | 0/448 [00:00<?, ?it/s]
Loading weights: 100%|██████████| 448/448 [00:00<00:00, 10764.73it/s]
  情形                      跑完整集    ≤10帧    ≤20帧      误差中位
  无扰动               16/16           85%     93%        +0
  第三视角 平移3%         15/16           79%     91%        -2
  第三视角 平移6%         15/16           82%     93%        +0
  第三视角 缩放1.08       15/16           72%     87%        -1
  仅腕部 平移6%          14/16           80%     96%        -1
  三路 平移6%           14/16           76%     90%        +0
  三路 缩放1.08         15/16           72%     86%        +0
  三路 亮度×0.75        15/16           80%     91%        +0

  判读：只扰第三视角的那几行才是**真实会发生**的情形（腕部相机刚性装在夹爪上，不会独立移位）
EXIT=0
